@@AB_BEGIN 1 A@@
NPU kernel tests -- 3 cases x 7 independently-seeded runs against a precomputed reference, with on-device cycle counts

==> decoder_feedforward
[decoder_feedforward run0          ] max|Δ|=  0.00488 (   2.25% of expected)  mean|Δ|= 0.000613  within tol=100.00%  -> PASS
[decoder_feedforward run1          ] max|Δ|=  0.00781 (   1.54% of expected)  mean|Δ|= 0.000857  within tol=100.00%  -> PASS
[decoder_feedforward run2          ] max|Δ|=  0.01172 (   1.40% of expected)  mean|Δ|= 0.000922  within tol=100.00%  -> PASS
[decoder_feedforward run3          ] max|Δ|=  0.00781 (   0.77% of expected)  mean|Δ|= 0.000901  within tol=100.00%  -> PASS
[decoder_feedforward run4          ] max|Δ|=  0.00781 (   0.75% of expected)  mean|Δ|= 0.000657  within tol=100.00%  -> PASS
[decoder_feedforward run5          ] max|Δ|=  0.00781 (   1.16% of expected)  mean|Δ|= 0.000709  within tol=100.00%  -> PASS
[decoder_feedforward run6          ] max|Δ|=  0.00781 (   1.33% of expected)  mean|Δ|= 0.000762  within tol=100.00%  -> PASS
    median cycles=213962 min=212273 p25=212613 (of 7 runs: [217509, 214799, 212613, 213962, 213265, 215830, 212273])


all 3 tests passed
@@AB_END 1 A rc=0@@
@@AB_BEGIN 1 B@@
NPU kernel tests -- 3 cases x 7 independently-seeded runs against a precomputed reference, with on-device cycle counts

==> decoder_feedforward
[decoder_feedforward run0          ] max|Δ|=  0.00488 (   2.25% of expected)  mean|Δ|= 0.000641  within tol=100.00%  -> PASS
[decoder_feedforward run1          ] max|Δ|=  0.00781 (   1.13% of expected)  mean|Δ|= 0.000884  within tol=100.00%  -> PASS
[decoder_feedforward run2          ] max|Δ|=  0.00781 (   1.22% of expected)  mean|Δ|= 0.000962  within tol=100.00%  -> PASS
[decoder_feedforward run3          ] max|Δ|=  0.00781 (   0.77% of expected)  mean|Δ|= 0.000928  within tol=100.00%  -> PASS
[decoder_feedforward run4          ] max|Δ|=  0.00781 (   0.75% of expected)  mean|Δ|= 0.000687  within tol=100.00%  -> PASS
[decoder_feedforward run5          ] max|Δ|=  0.00781 (   1.16% of expected)  mean|Δ|= 0.000721  within tol=100.00%  -> PASS
[decoder_feedforward run6          ] max|Δ|=  0.00586 (   1.40% of expected)  mean|Δ|= 0.000781  within tol=100.00%  -> PASS
    median cycles=208775 min=207901 p25=208226 (of 7 runs: [210829, 209063, 209585, 207901, 208226, 208775, 208300])


all 3 tests passed
@@AB_END 1 B rc=0@@
@@AB_BEGIN 2 A@@
NPU kernel tests -- 3 cases x 7 independently-seeded runs against a precomputed reference, with on-device cycle counts

==> decoder_feedforward
[decoder_feedforward run0          ] max|Δ|=  0.00488 (   2.25% of expected)  mean|Δ|= 0.000613  within tol=100.00%  -> PASS
[decoder_feedforward run1          ] max|Δ|=  0.00781 (   1.54% of expected)  mean|Δ|= 0.000857  within tol=100.00%  -> PASS
[decoder_feedforward run2          ] max|Δ|=  0.01172 (   1.40% of expected)  mean|Δ|= 0.000922  within tol=100.00%  -> PASS
[decoder_feedforward run3          ] max|Δ|=  0.00781 (   0.77% of expected)  mean|Δ|= 0.000901  within tol=100.00%  -> PASS
[decoder_feedforward run4          ] max|Δ|=  0.00781 (   0.75% of expected)  mean|Δ|= 0.000657  within tol=100.00%  -> PASS
[decoder_feedforward run5          ] max|Δ|=  0.00781 (   1.16% of expected)  mean|Δ|= 0.000709  within tol=100.00%  -> PASS
[decoder_feedforward run6          ] max|Δ|=  0.00781 (   1.33% of expected)  mean|Δ|= 0.000762  within tol=100.00%  -> PASS
    median cycles=212764 min=212015 p25=212377 (of 7 runs: [218531, 214358, 212377, 212538, 212015, 212764, 212926])


all 3 tests passed
@@AB_END 2 A rc=0@@
@@AB_BEGIN 2 B@@
NPU kernel tests -- 3 cases x 7 independently-seeded runs against a precomputed reference, with on-device cycle counts

==> decoder_feedforward
[decoder_feedforward run0          ] max|Δ|=  0.00488 (   2.25% of expected)  mean|Δ|= 0.000641  within tol=100.00%  -> PASS
[decoder_feedforward run1          ] max|Δ|=  0.00781 (   1.13% of expected)  mean|Δ|= 0.000884  within tol=100.00%  -> PASS
[decoder_feedforward run2          ] max|Δ|=  0.00781 (   1.22% of expected)  mean|Δ|= 0.000962  within tol=100.00%  -> PASS
[decoder_feedforward run3          ] max|Δ|=  0.00781 (   0.77% of expected)  mean|Δ|= 0.000928  within tol=100.00%  -> PASS
[decoder_feedforward run4          ] max|Δ|=  0.00781 (   0.75% of expected)  mean|Δ|= 0.000687  within tol=100.00%  -> PASS
[decoder_feedforward run5          ] max|Δ|=  0.00781 (   1.16% of expected)  mean|Δ|= 0.000721  within tol=100.00%  -> PASS
[decoder_feedforward run6          ] max|Δ|=  0.00586 (   1.40% of expected)  mean|Δ|= 0.000781  within tol=100.00%  -> PASS
    median cycles=208927 min=208167 p25=208424 (of 7 runs: [210555, 208424, 208167, 209132, 208437, 208927, 209344])


all 3 tests passed
@@AB_END 2 B rc=0@@
@@AB_BEGIN 3 A@@
NPU kernel tests -- 3 cases x 7 independently-seeded runs against a precomputed reference, with on-device cycle counts

==> decoder_feedforward
[decoder_feedforward run0          ] max|Δ|=  0.00488 (   2.25% of expected)  mean|Δ|= 0.000613  within tol=100.00%  -> PASS
[decoder_feedforward run1          ] max|Δ|=  0.00781 (   1.54% of expected)  mean|Δ|= 0.000857  within tol=100.00%  -> PASS
[decoder_feedforward run2          ] max|Δ|=  0.01172 (   1.40% of expected)  mean|Δ|= 0.000922  within tol=100.00%  -> PASS
[decoder_feedforward run3          ] max|Δ|=  0.00781 (   0.77% of expected)  mean|Δ|= 0.000901  within tol=100.00%  -> PASS
[decoder_feedforward run4          ] max|Δ|=  0.00781 (   0.75% of expected)  mean|Δ|= 0.000657  within tol=100.00%  -> PASS
[decoder_feedforward run5          ] max|Δ|=  0.00781 (   1.16% of expected)  mean|Δ|= 0.000709  within tol=100.00%  -> PASS
[decoder_feedforward run6          ] max|Δ|=  0.00781 (   1.33% of expected)  mean|Δ|= 0.000762  within tol=100.00%  -> PASS
    median cycles=213187 min=212376 p25=212886 (of 7 runs: [215391, 214752, 213114, 212886, 212376, 213187, 213336])


all 3 tests passed
@@AB_END 3 A rc=0@@
@@AB_BEGIN 3 B@@
NPU kernel tests -- 3 cases x 7 independently-seeded runs against a precomputed reference, with on-device cycle counts

==> decoder_feedforward
[decoder_feedforward run0          ] max|Δ|=  0.00488 (   2.25% of expected)  mean|Δ|= 0.000641  within tol=100.00%  -> PASS
[decoder_feedforward run1          ] max|Δ|=  0.00781 (   1.13% of expected)  mean|Δ|= 0.000884  within tol=100.00%  -> PASS
[decoder_feedforward run2          ] max|Δ|=  0.00781 (   1.22% of expected)  mean|Δ|= 0.000962  within tol=100.00%  -> PASS
[decoder_feedforward run3          ] max|Δ|=  0.00781 (   0.77% of expected)  mean|Δ|= 0.000928  within tol=100.00%  -> PASS
[decoder_feedforward run4          ] max|Δ|=  0.00781 (   0.75% of expected)  mean|Δ|= 0.000687  within tol=100.00%  -> PASS
[decoder_feedforward run5          ] max|Δ|=  0.00781 (   1.16% of expected)  mean|Δ|= 0.000721  within tol=100.00%  -> PASS
[decoder_feedforward run6          ] max|Δ|=  0.00586 (   1.40% of expected)  mean|Δ|= 0.000781  within tol=100.00%  -> PASS
    median cycles=208084 min=207493 p25=207587 (of 7 runs: [210355, 208902, 208196, 208084, 207587, 207750, 207493])


all 3 tests passed
@@AB_END 3 B rc=0@@
